[    1995ms] [INFO] %cDownload the React DevTools for a better development experience: https://react.dev/link/react-devtools font-weight:bold @ http://localhost:8081/node_modules/.vite/deps/react-dom_client.js?v=b4165499:14337
[    2533ms] Error: Hydration failed because the server rendered HTML didn't match the client. As a result this tree will be regenerated on the client. This can happen if a SSR-ed Client Component used:

- A server/client branch `if (typeof window !== 'undefined')`.
- Variable input such as `Date.now()` or `Math.random()` which changes each time it's called.
- Date formatting in a user's locale which doesn't match the server.
- External changing data without sending a snapshot of it along with the HTML.
- Invalid HTML tag nesting.

It can also happen if the client has a browser extension installed which messes with the HTML before React loaded.

https://react.dev/link/hydration-mismatch

  ...
    <QueryClientProvider client={{}} data-tsd-source="/src/route...">
      <OutletImpl data-tsd-source="/src/route...">
        <Suspense fallback={null}>
          <MatchImpl matchId="/auth/auth">
            <MatchView router={{...}} matchId="/auth/auth" resetKey={1787226224958} matchState={{routeId:"/...", ...}}>
              <SafeFragment>
                <SafeFragment fallback={null}>
                  <SafeFragment getResetKey={function getResetKey} errorComponent={function ErrorComponent} ...>
                    <SafeFragment fallback={function fallback}>
                      <MatchInnerImpl matchId="/auth/auth">
                        <Lazy>
                          <AuthPage>
+                           <div
+                             className="min-h-screen flex items-center justify-center bg-muted/30 px-4"
+                             data-tsd-source="/src/routes/auth.tsx:46:5"
+                           >
-                           <Suspense>
                ...
      ...

    at throwOnHydrationMismatch (http://localhost:8081/node_modules/.vite/deps/react-dom_client.js?v=b4165499:2968:51)
    at beginWork (http://localhost:8081/node_modules/.vite/deps/react-dom_client.js?v=b4165499:6200:914)
    at runWithFiberInDEV (http://localhost:8081/node_modules/.vite/deps/react-dom_client.js?v=b4165499:851:66)
    at performUnitOfWork (http://localhost:8081/node_modules/.vite/deps/react-dom_client.js?v=b4165499:8429:92)
    at workLoopConcurrentByScheduler (http://localhost:8081/node_modules/.vite/deps/react-dom_client.js?v=b4165499:8425:55)
    at renderRootConcurrent (http://localhost:8081/node_modules/.vite/deps/react-dom_client.js?v=b4165499:8408:64)
    at performWorkOnRoot (http://localhost:8081/node_modules/.vite/deps/react-dom_client.js?v=b4165499:7957:145)
    at performWorkOnRootViaSchedulerTask (http://localhost:8081/node_modules/.vite/deps/react-dom_client.js?v=b4165499:9059:4)
    at MessagePort.performWorkUntilDeadline (http://localhost:8081/node_modules/.vite/deps/react-dom_client.js?v=b4165499:36:38)
